---
source: src/parse/tests.rs
expression: rendered
---
line 1: this is neither a valid signature nor a valid prototype
line 2: this is neither a valid signature nor a valid prototype
line 3: this is neither a valid signature nor a valid prototype
line 4: this is neither a valid signature nor a valid prototype
line 5: this is neither a valid signature nor a valid prototype
line 6: this is neither a valid signature nor a valid prototype
