---
source: src/parse/tests.rs
expression: rendered
---
ROOT
  SUB_DEF
    `sub` "sub"
    SUB_NAME
      identifier "f"
    BLOCK
      `{` "{"
      EXPR_STMT
        LIST_EXPR
          ANON_SUB_EXPR
            `sub` "sub"
            SUB_SIGNATURE
              `(` "("
              `)` ")"
            BLOCK
              `{` "{"
              EXPR_STMT
                LIST_EXPR
                  LITERAL
                    number "0"
              `}` "}"
      `}` "}"
