---
source: src/parse/tests.rs
expression: rendered
---
ROOT
  VAR_DECL_STMT
    LIST_EXPR
      ASSIGN_EXPR
        VAR_DECL
          `my` "my"
          DECL_TARGET
            ARRAY_VAR
              `@` "@"
              identifier "sorted"
        `=` "="
        LIST_CALL_EXPR
          SUB_NAME
            identifier "sort"
          FILEHANDLE
            SCALAR_VAR
              `$` "$"
              identifier "cmp"
          LIST_EXPR
            ARRAY_VAR
              `@` "@"
              identifier "values"
    `;` ";"
  VAR_DECL_STMT
    LIST_EXPR
      ASSIGN_EXPR
        VAR_DECL
          `my` "my"
          DECL_TARGET
            ARRAY_VAR
              `@` "@"
              identifier "other"
        `=` "="
        LIST_CALL_EXPR
          SUB_NAME
            identifier "sort"
          FILEHANDLE
            REFERENCE_EXPR
              `\` "\\"
              CODE_VAR
                `&` "&"
                identifier "custom"
          LIST_EXPR
            ARRAY_VAR
              `@` "@"
              identifier "values"
    `;` ";"
