---
source: src/parse/tests.rs
expression: "tree(\"$a & $b == $c;\\n\")"
---
ROOT
  EXPR_STMT
    LIST_EXPR
      BINARY_EXPR
        SCALAR_VAR
          `$` "$"
          identifier "a"
        `&` "&"
        BINARY_EXPR
          SCALAR_VAR
            `$` "$"
            identifier "b"
          `==` "=="
          SCALAR_VAR
            `$` "$"
            identifier "c"
    `;` ";"
