---
source: crates/camello-fmt/src/tests.rs
expression: format(&source)
---
sub compound_alignment {
    my $simple = 1;
    my $or   ||= 2;
    my $sum   += 3;
    $flag    &&= check();
    $concat   .= value();
    $repeated x= 3;
}

# The `=` is what lines up, whatever the operator's length — `x=` included,
# which is the one of them spelled with a letter and so the one the word
# scanner has to take both characters of.
sub mixed_widths {
    my $x = 1;
    $y       -= 2;
    $longer //= 3;
    $z      **= 4;
    $w       x= 5;
}
