---
source: src/parser/statement.rs
assertion_line: 953
expression: render_success_tree(&syntax)
---
ROOT@0..192
  TRY_STMT@0..92
    TRY_KW@0..3 "try"
    WHITESPACE@3..4 " "
    BLOCK_STMT@4..27
      L_BRACE@4..5 "{"
      NEWLINE@5..6 "\n"
      WHITESPACE@6..10 "    "
      STMT@10..25
        FUNCTION_CALL_EXPR@10..24
          IDENT@10..22 "do_something"
          L_PAREN@22..23 "("
          R_PAREN@23..24 ")"
        SEMICOLON@24..25 ";"
      NEWLINE@25..26 "\n"
      R_BRACE@26..27 "}"
    WHITESPACE@27..28 " "
    CATCH_BLOCK@28..63
      CATCH_KW@28..33 "catch"
      WHITESPACE@33..34 " "
      CATCH_PARAM@34..42
        L_PAREN@34..35 "("
        SCALAR_VAR@35..41
          SCALAR_SIGIL@35..36 "$"
          IDENT@36..41 "error"
        R_PAREN@41..42 ")"
      WHITESPACE@42..43 " "
      BLOCK_STMT@43..63
        L_BRACE@43..44 "{"
        NEWLINE@44..45 "\n"
        WHITESPACE@45..49 "    "
        STMT@49..61
          FUNCTION_CALL_EXPR@49..60
            IDENT@49..53 "warn"
            WHITESPACE@53..54 " "
            SCALAR_VAR@54..60
              SCALAR_SIGIL@54..55 "$"
              IDENT@55..60 "error"
          SEMICOLON@60..61 ";"
        NEWLINE@61..62 "\n"
        R_BRACE@62..63 "}"
    WHITESPACE@63..64 " "
    FINALLY_BLOCK@64..90
      FINALLY_KW@64..71 "finally"
      WHITESPACE@71..72 " "
      BLOCK_STMT@72..90
        L_BRACE@72..73 "{"
        NEWLINE@73..74 "\n"
        WHITESPACE@74..78 "    "
        STMT@78..88
          FUNCTION_CALL_EXPR@78..87
            IDENT@78..85 "cleanup"
            L_PAREN@85..86 "("
            R_PAREN@86..87 ")"
          SEMICOLON@87..88 ";"
        NEWLINE@88..89 "\n"
        R_BRACE@89..90 "}"
    NEWLINE@90..91 "\n"
    NEWLINE@91..92 "\n"
  TRY_STMT@92..139
    TRY_KW@92..95 "try"
    WHITESPACE@95..96 " "
    BLOCK_STMT@96..112
      L_BRACE@96..97 "{"
      NEWLINE@97..98 "\n"
      WHITESPACE@98..102 "    "
      STMT@102..110
        FUNCTION_CALL_EXPR@102..109
          IDENT@102..107 "maybe"
          L_PAREN@107..108 "("
          R_PAREN@108..109 ")"
        SEMICOLON@109..110 ";"
      NEWLINE@110..111 "\n"
      R_BRACE@111..112 "}"
    WHITESPACE@112..113 " "
    CATCH_BLOCK@113..138
      CATCH_KW@113..118 "catch"
      WHITESPACE@118..119 " "
      BLOCK_STMT@119..138
        L_BRACE@119..120 "{"
        NEWLINE@120..121 "\n"
        WHITESPACE@121..125 "    "
        STMT@125..136
          FUNCTION_CALL_EXPR@125..135
            IDENT@125..133 "fallback"
            L_PAREN@133..134 "("
            R_PAREN@134..135 ")"
          SEMICOLON@135..136 ";"
        NEWLINE@136..137 "\n"
        R_BRACE@137..138 "}"
    SEMICOLON@138..139 ";"
  NEWLINE@139..140 "\n"
  NEWLINE@140..141 "\n"
  STMT@141..191
    VAR_DECL@141..190
      MY_KW@141..143 "my"
      WHITESPACE@143..144 " "
      INFIX_EXPR@144..190
        SCALAR_VAR@144..151
          SCALAR_SIGIL@144..145 "$"
          IDENT@145..150 "value"
          WHITESPACE@150..151 " "
        EQ@151..152 "="
        WHITESPACE@152..153 " "
        BLOCK_FUNCTION_CALL_EXPR@153..190
          IDENT@153..156 "try"
          WHITESPACE@156..157 " "
          BLOCK_STMT@157..170
            L_BRACE@157..158 "{"
            WHITESPACE@158..159 " "
            STMT@159..169
              FUNCTION_CALL_EXPR@159..169
                IDENT@159..166 "compute"
                L_PAREN@166..167 "("
                R_PAREN@167..168 ")"
                WHITESPACE@168..169 " "
            R_BRACE@169..170 "}"
          WHITESPACE@170..171 " "
          BLOCK_FUNCTION_CALL_EXPR@171..190
            IDENT@171..176 "catch"
            WHITESPACE@176..177 " "
            BLOCK_STMT@177..190
              L_BRACE@177..178 "{"
              WHITESPACE@178..179 " "
              STMT@179..189
                FUNCTION_CALL_EXPR@179..189
                  IDENT@179..186 "recover"
                  L_PAREN@186..187 "("
                  R_PAREN@187..188 ")"
                  WHITESPACE@188..189 " "
              R_BRACE@189..190 "}"
    SEMICOLON@190..191 ";"
  NEWLINE@191..192 "\n"
