---
source: src/parser/mod.rs
assertion_line: 510
expression: render_success_tree(&syntax)
---
ROOT@0..14
  STMT@0..13
    ARRAY_SUBSCRIPTION_EXPR@0..12
      CODE_REF_CALL_EXPR@0..9
        SCALAR_VAR@0..5
          SCALAR_SIGIL@0..1 "$"
          IDENT@1..5 "code"
        ARROW@5..7 "->"
        L_PAREN@7..8 "("
        R_PAREN@8..9 ")"
      L_BRACKET@9..10 "["
      NUMBER@10..11 "0"
      R_BRACKET@11..12 "]"
    SEMICOLON@12..13 ";"
  NEWLINE@13..14 "\n"
