---
source: src/parser/mod.rs
expression: render_success_tree(&syntax)
---
ROOT@0..70
  STMT@0..32
    VAR_DECL@0..31
      MY_KW@0..2 "my"
      WHITESPACE@2..3 " "
      INFIX_EXPR@3..31
        ARRAY_VAR@3..11
          ARRAY_SIGIL@3..4 "@"
          IDENT@4..10 "sorted"
          WHITESPACE@10..11 " "
        EQ@11..12 "="
        WHITESPACE@12..13 " "
        FUNCTION_CALL_EXPR@13..31
          IDENT@13..17 "sort"
          WHITESPACE@17..18 " "
          SCALAR_VAR@18..22
            SCALAR_SIGIL@18..19 "$"
            IDENT@19..22 "cmp"
          COMMA@22..23 ","
          WHITESPACE@23..24 " "
          ARRAY_VAR@24..31
            ARRAY_SIGIL@24..25 "@"
            IDENT@25..31 "values"
    SEMICOLON@31..32 ";"
  NEWLINE@32..33 "\n"
  STMT@33..69
    VAR_DECL@33..68
      MY_KW@33..35 "my"
      WHITESPACE@35..36 " "
      INFIX_EXPR@36..68
        ARRAY_VAR@36..44
          ARRAY_SIGIL@36..37 "@"
          IDENT@37..42 "other"
          WHITESPACE@42..44 "  "
        EQ@44..45 "="
        WHITESPACE@45..46 " "
        FUNCTION_CALL_EXPR@46..68
          IDENT@46..50 "sort"
          WHITESPACE@50..51 " "
          PREFIX_EXPR@51..59
            BACKSLASH@51..52 "\\"
            FUNCTION_REF@52..59
              CODE_SIGIL@52..53 "&"
              IDENT@53..59 "custom"
          COMMA@59..60 ","
          WHITESPACE@60..61 " "
          ARRAY_VAR@61..68
            ARRAY_SIGIL@61..62 "@"
            IDENT@62..68 "values"
    SEMICOLON@68..69 ";"
  NEWLINE@69..70 "\n"
