---
source: src/parser/mod.rs
expression: render_success_tree(&syntax)
---
ROOT@0..54
  STMT@0..7
    INFIX_EXPR@0..6
      ARRAY_REF@0..3
        L_BRACKET@0..1 "["
        R_BRACKET@1..2 "]"
        WHITESPACE@2..3 " "
      BITWISE_OR@3..4 "|"
      WHITESPACE@4..5 " "
      NUMBER@5..6 "1"
    SEMICOLON@6..7 ";"
  NEWLINE@7..8 "\n"
  STMT@8..15
    INFIX_EXPR@8..14
      ARRAY_REF@8..11
        L_BRACKET@8..9 "["
        R_BRACKET@9..10 "]"
        NEWLINE@10..11 "\n"
      BITWISE_OR@11..12 "|"
      WHITESPACE@12..13 " "
      NUMBER@13..14 "1"
    SEMICOLON@14..15 ";"
  NEWLINE@15..16 "\n"
  STMT@16..25
    INFIX_EXPR@16..24
      ARRAY_REF@16..21
        L_BRACKET@16..17 "["
        R_BRACKET@17..18 "]"
        WHITESPACE@18..19 " "
        NEWLINE@19..20 "\n"
        WHITESPACE@20..21 " "
      BITWISE_OR@21..22 "|"
      WHITESPACE@22..23 " "
      NUMBER@23..24 "1"
    SEMICOLON@24..25 ";"
  NEWLINE@25..26 "\n"
  STMT@26..36
    INFIX_EXPR@26..35
      ARRAY_REF@26..32
        L_BRACKET@26..27 "["
        EXPR_LIST@27..30
          NUMBER@27..28 "1"
          COMMA@28..29 ","
          NUMBER@29..30 "2"
        R_BRACKET@30..31 "]"
        NEWLINE@31..32 "\n"
      BITWISE_AND@32..33 "&"
      WHITESPACE@33..34 " "
      NUMBER@34..35 "3"
    SEMICOLON@35..36 ";"
  NEWLINE@36..37 "\n"
  STMT@37..44
    INFIX_EXPR@37..43
      ARRAY_REF@37..40
        L_BRACKET@37..38 "["
        R_BRACKET@38..39 "]"
        NEWLINE@39..40 "\n"
      PLUS@40..41 "+"
      WHITESPACE@41..42 " "
      NUMBER@42..43 "2"
    SEMICOLON@43..44 ";"
  NEWLINE@44..45 "\n"
  STMT@45..53
    INFIX_EXPR@45..52
      ARRAY_REF@45..49
        L_BRACKET@45..46 "["
        NUMBER@46..47 "1"
        R_BRACKET@47..48 "]"
        NEWLINE@48..49 "\n"
      STAR@49..50 "*"
      WHITESPACE@50..51 " "
      NUMBER@51..52 "5"
    SEMICOLON@52..53 ";"
  NEWLINE@53..54 "\n"
