---
source: src/parser/mod.rs
expression: render_success_tree(&syntax)
---
ROOT@0..52
  COMMENT@0..45 "# Empty list with arr ..."
  NEWLINE@45..46 "\n"
  STMT@46..52
    ARRAY_SUBSCRIPTION_EXPR@46..51
      PAREN_EXPR@46..48
        L_PAREN@46..47 "("
        R_PAREN@47..48 ")"
      L_BRACKET@48..49 "["
      NUMBER@49..50 "0"
      R_BRACKET@50..51 "]"
    SEMICOLON@51..52 ";"
