---
source: src/parser/mod.rs
assertion_line: 447
expression: render_success_tree(&syntax)
---
ROOT@0..31
  STMT@0..12
    ARRAY_SUBSCRIPTION_EXPR@0..11
      HASH_REF_ACCESS_EXPR@0..8
        FUNCTION_CALL_EXPR@0..3
          IDENT@0..1 "h"
          L_PAREN@1..2 "("
          R_PAREN@2..3 ")"
        ARROW@3..5 "->"
        L_BRACE@5..6 "{"
        IDENT@6..7 "k"
        R_BRACE@7..8 "}"
      L_BRACKET@8..9 "["
      NUMBER@9..10 "0"
      R_BRACKET@10..11 "]"
    SEMICOLON@11..12 ";"
  NEWLINE@12..13 "\n"
  STMT@13..30
    HASH_REF_ACCESS_EXPR@13..29
      ARRAY_SUBSCRIPTION_EXPR@13..24
        HASH_REF_ACCESS_EXPR@13..21
          FUNCTION_CALL_EXPR@13..16
            IDENT@13..14 "h"
            L_PAREN@14..15 "("
            R_PAREN@15..16 ")"
          ARROW@16..18 "->"
          L_BRACE@18..19 "{"
          IDENT@19..20 "k"
          R_BRACE@20..21 "}"
        L_BRACKET@21..22 "["
        NUMBER@22..23 "0"
        R_BRACKET@23..24 "]"
      ARROW@24..26 "->"
      L_BRACE@26..27 "{"
      IDENT@27..28 "a"
      R_BRACE@28..29 "}"
    SEMICOLON@29..30 ";"
  NEWLINE@30..31 "\n"
