---
source: src/parser/mod.rs
expression: render_success_tree(&syntax)
---
ROOT@0..158
  COMMENT@0..36 "# Multi-level derefer ..."
  NEWLINE@36..37 "\n"
  STMT@37..44
    COMPOUND_VAR@37..43
      ARRAY_SIGIL@37..38 "@"
      COMPOUND_VAR@38..43
        SCALAR_SIGIL@38..39 "$"
        SCALAR_VAR@39..43
          SCALAR_SIGIL@39..40 "$"
          IDENT@40..43 "aaa"
    SEMICOLON@43..44 ";"
  NEWLINE@44..45 "\n"
  STMT@45..52
    COMPOUND_VAR@45..51
      HASH_SIGIL@45..46 "%"
      COMPOUND_VAR@46..51
        SCALAR_SIGIL@46..47 "$"
        SCALAR_VAR@47..51
          SCALAR_SIGIL@47..48 "$"
          IDENT@48..51 "bbb"
    SEMICOLON@51..52 ";"
  NEWLINE@52..53 "\n"
  STMT@53..61
    COMPOUND_VAR@53..60
      SCALAR_SIGIL@53..54 "$"
      COMPOUND_VAR@54..60
        SCALAR_SIGIL@54..55 "$"
        COMPOUND_VAR@55..60
          SCALAR_SIGIL@55..56 "$"
          SCALAR_VAR@56..60
            SCALAR_SIGIL@56..57 "$"
            IDENT@57..60 "ccc"
    SEMICOLON@60..61 ";"
  NEWLINE@61..62 "\n"
  STMT@62..70
    COMPOUND_VAR@62..69
      ARRAY_SIGIL@62..63 "@"
      COMPOUND_VAR@63..69
        SCALAR_SIGIL@63..64 "$"
        COMPOUND_VAR@64..69
          SCALAR_SIGIL@64..65 "$"
          SCALAR_VAR@65..69
            SCALAR_SIGIL@65..66 "$"
            IDENT@66..69 "ddd"
    SEMICOLON@69..70 ";"
  NEWLINE@70..71 "\n"
  NEWLINE@71..72 "\n"
  COMMENT@72..88 "# Mixed patterns"
  NEWLINE@88..89 "\n"
  STMT@89..108
    VAR_DECL@89..107
      MY_KW@89..91 "my"
      WHITESPACE@91..92 " "
      INFIX_EXPR@92..107
        ARRAY_VAR@92..99
          ARRAY_SIGIL@92..93 "@"
          IDENT@93..98 "array"
          WHITESPACE@98..99 " "
        EQ@99..100 "="
        WHITESPACE@100..101 " "
        COMPOUND_VAR@101..107
          ARRAY_SIGIL@101..102 "@"
          COMPOUND_VAR@102..107
            SCALAR_SIGIL@102..103 "$"
            SCALAR_VAR@103..107
              SCALAR_SIGIL@103..104 "$"
              IDENT@104..107 "ref"
    SEMICOLON@107..108 ";"
  NEWLINE@108..109 "\n"
  STMT@109..131
    VAR_DECL@109..130
      MY_KW@109..111 "my"
      WHITESPACE@111..112 " "
      INFIX_EXPR@112..130
        HASH_VAR@112..118
          HASH_SIGIL@112..113 "%"
          IDENT@113..117 "hash"
          WHITESPACE@117..118 " "
        EQ@118..119 "="
        WHITESPACE@119..120 " "
        COMPOUND_VAR@120..130
          HASH_SIGIL@120..121 "%"
          COMPOUND_VAR@121..130
            SCALAR_SIGIL@121..122 "$"
            SCALAR_VAR@122..130
              SCALAR_SIGIL@122..123 "$"
              IDENT@123..130 "hashref"
    SEMICOLON@130..131 ";"
  NEWLINE@131..132 "\n"
  STMT@132..157
    VAR_DECL@132..156
      MY_KW@132..134 "my"
      WHITESPACE@134..135 " "
      INFIX_EXPR@135..156
        SCALAR_VAR@135..143
          SCALAR_SIGIL@135..136 "$"
          IDENT@136..142 "scalar"
          WHITESPACE@142..143 " "
        EQ@143..144 "="
        WHITESPACE@144..145 " "
        COMPOUND_VAR@145..156
          SCALAR_SIGIL@145..146 "$"
          COMPOUND_VAR@146..156
            SCALAR_SIGIL@146..147 "$"
            COMPOUND_VAR@147..156
              SCALAR_SIGIL@147..148 "$"
              SCALAR_VAR@148..156
                SCALAR_SIGIL@148..149 "$"
                IDENT@149..156 "deepref"
    SEMICOLON@156..157 ";"
  NEWLINE@157..158 "\n"
