---
source: src/parser/mod.rs
assertion_line: 508
expression: render_success_tree(&syntax)
---
ROOT@0..12
  STMT@0..12
    INFIX_EXPR@0..12
      SCALAR_VAR@0..5
        SCALAR_SIGIL@0..1 "$"
        IDENT@1..4 "var"
        WHITESPACE@4..5 " "
      LT@5..6 "<"
      IDENT@6..9 "foo"
      COMMENT@9..11 "#>"
      NEWLINE@11..12 "\n"
