---
source: src/parser/mod.rs
expression: render_success_tree(&syntax)
---
ROOT@0..293
  STMT@0..12
    RETURN_KW@0..6 "return"
    WHITESPACE@6..7 " "
    EXPR_LIST@7..11
      NUMBER@7..8 "1"
      COMMA@8..9 ","
      WHITESPACE@9..10 " "
      NUMBER@10..11 "2"
    SEMICOLON@11..12 ";"
  NEWLINE@12..13 "\n"
  STMT@13..29
    FUNCTION_CALL_EXPR@13..28
      IDENT@13..17 "grep"
      WHITESPACE@17..18 " "
      EXPR_LIST@18..28
        PREFIX_EXPR@18..21
          UNARY_PLUS@18..19 "+"
          SCALAR_VAR@19..21
            SCALAR_SIGIL@19..20 "$"
            IDENT@20..21 "_"
        COMMA@21..22 ","
        WHITESPACE@22..23 " "
        ARRAY_VAR@23..28
          ARRAY_SIGIL@23..24 "@"
          IDENT@24..28 "list"
    SEMICOLON@28..29 ";"
  NEWLINE@29..30 "\n"
  STMT@30..41
    INFIX_EXPR@30..40
      IDENT@30..35 "shift"
      WHITESPACE@35..36 " "
      DEFINED_OR@36..38 "//"
      WHITESPACE@38..39 " "
      NUMBER@39..40 "1"
    SEMICOLON@40..41 ";"
  NEWLINE@41..42 "\n"
  STMT@42..51
    INFIX_EXPR@42..50
      IDENT@42..45 "pop"
      WHITESPACE@45..46 " "
      DEFINED_OR@46..48 "//"
      WHITESPACE@48..49 " "
      NUMBER@49..50 "1"
    SEMICOLON@50..51 ";"
  NEWLINE@51..52 "\n"
  STMT@52..60
    INFIX_EXPR@52..59
      FILE_TEST_EXPR@52..55
        FILE_TEST_OP@52..54 "-f"
        WHITESPACE@54..55 " "
      DEFINED_OR@55..57 "//"
      WHITESPACE@57..58 " "
      NUMBER@58..59 "0"
    SEMICOLON@59..60 ";"
  NEWLINE@60..61 "\n"
  STMT@61..80
    VAR_DECL@61..79
      MY_KW@61..63 "my"
      WHITESPACE@63..64 " "
      INFIX_EXPR@64..79
        SCALAR_VAR@64..67
          SCALAR_SIGIL@64..65 "$"
          IDENT@65..66 "x"
          WHITESPACE@66..67 " "
        EQ@67..68 "="
        WHITESPACE@68..69 " "
        INFIX_EXPR@69..79
          INFIX_EXPR@69..76
            IDENT@69..70 "f"
            WHITESPACE@70..71 " "
            SLASH@71..72 "/"
            WHITESPACE@72..73 " "
            NUMBER@73..75 "10"
            WHITESPACE@75..76 " "
          SLASH@76..77 "/"
          WHITESPACE@77..78 " "
          NUMBER@78..79 "2"
    SEMICOLON@79..80 ";"
  NEWLINE@80..81 "\n"
  STMT@81..91
    INFIX_EXPR@81..90
      IDENT@81..85 "time"
      WHITESPACE@85..86 " "
      DEFINED_OR@86..88 "//"
      WHITESPACE@88..89 " "
      NUMBER@89..90 "1"
    SEMICOLON@90..91 ";"
  NEWLINE@91..92 "\n"
  STMT@92..101
    INFIX_EXPR@92..100
      IDENT@92..96 "fork"
      WHITESPACE@96..97 " "
      PLUS@97..98 "+"
      WHITESPACE@98..99 " "
      NUMBER@99..100 "1"
    SEMICOLON@100..101 ";"
  NEWLINE@101..102 "\n"
  STMT@102..121
    INFIX_EXPR@102..120
      IDENT@102..106 "wait"
      WHITESPACE@106..107 " "
      OR_KW@107..109 "or"
      WHITESPACE@109..110 " "
      FUNCTION_CALL_EXPR@110..120
        IDENT@110..113 "die"
        WHITESPACE@113..114 " "
        STRING@114..120 "'oops'"
    SEMICOLON@120..121 ";"
  NEWLINE@121..122 "\n"
  STMT@122..140
    TERNARY_EXPR@122..139
      IDENT@122..131 "wantarray"
      WHITESPACE@131..132 " "
      QUESTION_MARK@132..133 "?"
      WHITESPACE@133..134 " "
      NUMBER@134..135 "1"
      WHITESPACE@135..136 " "
      COLON@136..137 ":"
      WHITESPACE@137..138 " "
      NUMBER@138..139 "0"
    SEMICOLON@139..140 ";"
  NEWLINE@140..141 "\n"
  STMT@141..164
    FUNCTION_CALL_EXPR@141..163
      IDENT@141..144 "say"
      WHITESPACE@144..145 " "
      METHOD_CALL_EXPR@145..163
        QUALIFIED_IDENT@145..153
          IDENT@145..148 "Foo"
          DOUBLE_COLON@148..150 "::"
          IDENT@150..153 "Bar"
        ARROW@153..155 "->"
        IDENT@155..161 "method"
        L_PAREN@161..162 "("
        R_PAREN@162..163 ")"
    SEMICOLON@163..164 ";"
  NEWLINE@164..165 "\n"
  STMT@165..172
    FUNCTION_CALL_EXPR@165..171
      IDENT@165..169 "warn"
      WHITESPACE@169..170 " "
      NUMBER@170..171 "1"
    SEMICOLON@171..172 ";"
  WHITESPACE@172..173 " "
  STMT@173..183
    BLOCK_STMT@173..183
      L_BRACE@173..174 "{"
      WHITESPACE@174..175 " "
      STMT@175..182
        FUNCTION_CALL_EXPR@175..182
          IDENT@175..179 "warn"
          WHITESPACE@179..180 " "
          NUMBER@180..181 "2"
          WHITESPACE@181..182 " "
      R_BRACE@182..183 "}"
  WHITESPACE@183..184 " "
  STMT@184..191
    FUNCTION_CALL_EXPR@184..190
      IDENT@184..188 "warn"
      WHITESPACE@188..189 " "
      NUMBER@189..190 "3"
    SEMICOLON@190..191 ";"
  NEWLINE@191..192 "\n"
  STMT@192..213
    VAR_DECL@192..212
      MY_KW@192..194 "my"
      WHITESPACE@194..195 " "
      INFIX_EXPR@195..212
        SCALAR_VAR@195..201
          SCALAR_SIGIL@195..196 "$"
          IDENT@196..200 "hash"
          WHITESPACE@200..201 " "
        EQ@201..202 "="
        WHITESPACE@202..203 " "
        PREFIX_EXPR@203..212
          UNARY_PLUS@203..204 "+"
          HASH_REF@204..212
            L_BRACE@204..205 "{"
            EXPR_LIST@205..211
              IDENT@205..206 "a"
              WHITESPACE@206..207 " "
              FAT_COMMA@207..209 "=>"
              WHITESPACE@209..210 " "
              NUMBER@210..211 "1"
            R_BRACE@211..212 "}"
    SEMICOLON@212..213 ";"
  NEWLINE@213..214 "\n"
  STMT@214..226
    PREFIX_EXPR@214..225
      UNARY_PLUS@214..215 "+"
      HASH_REF_ACCESS_EXPR@215..225
        HASH_REF@215..217
          L_BRACE@215..216 "{"
          R_BRACE@216..217 "}"
        NEWLINE@217..218 "\n"
        ARROW@218..220 "->"
        L_BRACE@220..221 "{"
        IDENT@221..224 "key"
        R_BRACE@224..225 "}"
    SEMICOLON@225..226 ";"
  NEWLINE@226..227 "\n"
  STMT@227..269
    VAR_DECL@227..268
      MY_KW@227..229 "my"
      WHITESPACE@229..230 " "
      INFIX_EXPR@230..268
        SCALAR_VAR@230..239
          SCALAR_SIGIL@230..231 "$"
          IDENT@231..238 "hash_kw"
          WHITESPACE@238..239 " "
        EQ@239..240 "="
        WHITESPACE@240..241 " "
        PREFIX_EXPR@241..268
          UNARY_PLUS@241..242 "+"
          HASH_REF@242..268
            L_BRACE@242..243 "{"
            WHITESPACE@243..244 " "
            EXPR_LIST@244..267
              IDENT@244..251 "package"
              WHITESPACE@251..252 " "
              FAT_COMMA@252..254 "=>"
              WHITESPACE@254..255 " "
              NUMBER@255..256 "1"
              COMMA@256..257 ","
              WHITESPACE@257..258 " "
              IDENT@258..261 "and"
              WHITESPACE@261..262 " "
              FAT_COMMA@262..264 "=>"
              WHITESPACE@264..265 " "
              NUMBER@265..266 "2"
              WHITESPACE@266..267 " "
            R_BRACE@267..268 "}"
    SEMICOLON@268..269 ";"
  NEWLINE@269..270 "\n"
  STMT@270..281
    L_PAREN@270..271 "("
    EXPR_LIST@271..279
      IDENT@271..272 "a"
      WHITESPACE@272..273 " "
      FAT_COMMA@273..275 "=>"
      WHITESPACE@275..276 " "
      ARRAY_REF@276..279
        L_BRACKET@276..277 "["
        R_BRACKET@277..278 "]"
        WHITESPACE@278..279 " "
    R_PAREN@279..280 ")"
    SEMICOLON@280..281 ";"
  NEWLINE@281..282 "\n"
  STMT@282..292
    L_PAREN@282..283 "("
    EXPR_LIST@283..290
      IDENT@283..284 "a"
      WHITESPACE@284..285 " "
      FAT_COMMA@285..287 "=>"
      WHITESPACE@287..288 " "
      ARRAY_REF@288..290
        L_BRACKET@288..289 "["
        R_BRACKET@289..290 "]"
    R_PAREN@290..291 ")"
    SEMICOLON@291..292 ";"
  NEWLINE@292..293 "\n"
