---
source: src/parser/mod.rs
expression: render_success_tree(&syntax)
---
ROOT@0..53
  STMT@0..11
    INFIX_EXPR@0..10
      NUMBER@0..4 "0x7f"
      RANGE@4..6 ".."
      NUMBER@6..10 "0x8c"
    SEMICOLON@10..11 ";"
  NEWLINE@11..12 "\n"
  STMT@12..24
    INFIX_EXPR@12..23
      NUMBER@12..16 "0x7f"
      RANGE_EXCLUSIVE@16..19 "..."
      NUMBER@19..23 "0x8c"
    SEMICOLON@23..24 ";"
  NEWLINE@24..25 "\n"
  STMT@25..40
    INFIX_EXPR@25..39
      NUMBER@25..31 "0b1010"
      RANGE@31..33 ".."
      NUMBER@33..39 "0b1111"
    SEMICOLON@39..40 ";"
  NEWLINE@40..41 "\n"
  STMT@41..52
    INFIX_EXPR@41..51
      NUMBER@41..45 "0o10"
      RANGE@45..47 ".."
      NUMBER@47..51 "0o20"
    SEMICOLON@51..52 ";"
  NEWLINE@52..53 "\n"
