---
source: src/parser/mod.rs
expression: render_success_tree(&syntax)
---
ROOT@0..87
  STMT@0..13
    FUNCTION_CALL_EXPR@0..12
      QUALIFIED_IDENT@0..6
        DOUBLE_COLON@0..2 "::"
        IDENT@2..6 "diag"
      L_PAREN@6..7 "("
      STRING@7..11 "\"ok\""
      R_PAREN@11..12 ")"
    SEMICOLON@12..13 ";"
  NEWLINE@13..14 "\n"
  STMT@14..21
    QUALIFIED_IDENT@14..20
      DOUBLE_COLON@14..16 "::"
      IDENT@16..20 "diag"
    SEMICOLON@20..21 ";"
  NEWLINE@21..22 "\n"
  STMT@22..46
    VAR_DECL@22..45
      MY_KW@22..24 "my"
      WHITESPACE@24..25 " "
      INFIX_EXPR@25..45
        SCALAR_VAR@25..32
          SCALAR_SIGIL@25..26 "$"
          IDENT@26..31 "value"
          WHITESPACE@31..32 " "
        EQ@32..33 "="
        WHITESPACE@33..34 " "
        SCALAR_VAR@34..45
          SCALAR_SIGIL@34..35 "$"
          DOUBLE_COLON@35..37 "::"
          QUALIFIED_IDENT@37..45
            IDENT@37..40 "foo"
            DOUBLE_COLON@40..42 "::"
            IDENT@42..45 "bar"
    SEMICOLON@45..46 ";"
  NEWLINE@46..47 "\n"
  STMT@47..75
    VAR_DECL@47..74
      OUR_KW@47..50 "our"
      WHITESPACE@50..51 " "
      INFIX_EXPR@51..74
        SCALAR_VAR@51..59
          SCALAR_SIGIL@51..52 "$"
          IDENT@52..58 "global"
          WHITESPACE@58..59 " "
        EQ@59..60 "="
        WHITESPACE@60..61 " "
        SCALAR_VAR@61..74
          SCALAR_SIGIL@61..62 "$"
          DOUBLE_COLON@62..64 "::"
          QUALIFIED_IDENT@64..74
            IDENT@64..68 "Root"
            DOUBLE_COLON@68..70 "::"
            IDENT@70..74 "leaf"
    SEMICOLON@74..75 ";"
  NEWLINE@75..76 "\n"
  STMT@76..86
    FUNCTION_REF@76..85
      CODE_SIGIL@76..77 "&"
      QUALIFIED_IDENT@77..85
        DOUBLE_COLON@77..79 "::"
        IDENT@79..85 "helper"
    SEMICOLON@85..86 ";"
  NEWLINE@86..87 "\n"
