---
source: src/parser/mod.rs
expression: render_success_tree(&syntax)
---
ROOT@0..20
  STMT@0..9
    HASH_REF_ACCESS_EXPR@0..8
      FUNCTION_CALL_EXPR@0..3
        IDENT@0..1 "f"
        L_PAREN@1..2 "("
        R_PAREN@2..3 ")"
      ARROW@3..5 "->"
      L_BRACE@5..6 "{"
      IDENT@6..7 "k"
      R_BRACE@7..8 "}"
    SEMICOLON@8..9 ";"
  NEWLINE@9..10 "\n"
  STMT@10..19
    ARRAY_REF_ACCESS_EXPR@10..18
      FUNCTION_CALL_EXPR@10..13
        IDENT@10..11 "f"
        L_PAREN@11..12 "("
        R_PAREN@12..13 ")"
      ARROW@13..15 "->"
      L_BRACKET@15..16 "["
      NUMBER@16..17 "0"
      R_BRACKET@17..18 "]"
    SEMICOLON@18..19 ";"
  NEWLINE@19..20 "\n"
