---
source: src/formatter/tests.rs
expression: formatted
---
# Test cases distinguishing < operator from <GLOB>
# In function call context, < $h > should be comparison operators, not a glob

# These should parse as comparison operators in function arguments
foo < $h > 1_000;
bar < $b > $c;
baz < $x > 0;

# Valid glob operators (for comparison)
my $fh = <STDIN>;
my @lines = <$filehandle>;
