---
source: src/formatter/tests.rs
expression: formatted
---
sub multiline_assignments {
    my $a   = 1;
    my $bbb = [
    ];
    my $c = "";

    my ($a, $b) = @_;
    my $c   = 1;
    my $def = 2;
}

sub assignment_alignment_with_nested_eq {
    my $aaa = 1;
    my @b   = grep { $_ } map {
        $_ = 1;
    } @list;
}
