---
source: src/parser/statement.rs
expression: render_success_tree(&syntax)
---
ROOT@0..96
  USE_STMT@0..29
    USE_KW@0..3 "use"
    WHITESPACE@3..4 " "
    QUALIFIED_IDENT@4..16
      IDENT@4..8 "Some"
      DOUBLE_COLON@8..10 "::"
      IDENT@10..16 "Module"
    WHITESPACE@16..17 " "
    EXPR_LIST@17..28
      IDENT@17..23 "option"
      WHITESPACE@23..24 " "
      FAT_COMMA@24..26 "=>"
      WHITESPACE@26..27 " "
      NUMBER@27..28 "1"
    SEMICOLON@28..29 ";"
  NEWLINE@29..30 "\n"
  USE_STMT@30..62
    USE_KW@30..33 "use"
    WHITESPACE@33..34 " "
    QUALIFIED_IDENT@34..49
      IDENT@34..41 "Another"
      DOUBLE_COLON@41..43 "::"
      IDENT@43..49 "Module"
    WHITESPACE@49..50 " "
    QW_EXPR@50..61
      QW_KW@50..52 "qw"
      DELIMITER@52..53 "("
      QW_STRING@53..56 "foo"
      WHITESPACE@56..57 " "
      QW_STRING@57..60 "bar"
      DELIMITER@60..61 ")"
    SEMICOLON@61..62 ";"
  NEWLINE@62..63 "\n"
  USE_STMT@63..95
    USE_KW@63..66 "use"
    WHITESPACE@66..67 " "
    QUALIFIED_IDENT@67..79
      IDENT@67..70 "Yet"
      DOUBLE_COLON@70..72 "::"
      IDENT@72..79 "Another"
    WHITESPACE@79..80 " "
    EXPR_LIST@80..94
      STRING@80..86 "'arg1'"
      COMMA@86..87 ","
      WHITESPACE@87..88 " "
      STRING@88..94 "'arg2'"
    SEMICOLON@94..95 ";"
  NEWLINE@95..96 "\n"
