---
source: src/parser/statement/tests.rs
expression: render_success_tree(&syntax)
---
ROOT@0..617
  COMMENT@0..36 "# For loop with when/ ..."
  NEWLINE@36..37 "\n"
  FOR_STMT@37..229
    FOR_KW@37..40 "for"
    WHITESPACE@40..41 " "
    VAR_DECL@41..49
      MY_KW@41..43 "my"
      WHITESPACE@43..44 " "
      SCALAR_VAR@44..49
        SCALAR_SIGIL@44..45 "$"
        IDENT@45..49 "item"
    WHITESPACE@49..50 " "
    L_PAREN@50..51 "("
    ARRAY_VAR@51..57
      ARRAY_SIGIL@51..52 "@"
      IDENT@52..57 "items"
    R_PAREN@57..58 ")"
    WHITESPACE@58..59 " "
    BLOCK_STMT@59..229
      L_BRACE@59..60 "{"
      NEWLINE@60..61 "\n"
      WHITESPACE@61..65 "    "
      WHEN_CLAUSE@65..118
        WHEN_KW@65..69 "when"
        WHITESPACE@69..70 " "
        L_PAREN@70..71 "("
        INFIX_EXPR@71..81
          SCALAR_VAR@71..77
            SCALAR_SIGIL@71..72 "$"
            IDENT@72..76 "item"
            WHITESPACE@76..77 " "
          GT@77..78 ">"
          WHITESPACE@78..79 " "
          NUMBER@79..81 "10"
        R_PAREN@81..82 ")"
        WHITESPACE@82..83 " "
        BLOCK_STMT@83..118
          L_BRACE@83..84 "{"
          NEWLINE@84..85 "\n"
          WHITESPACE@85..93 "        "
          STMT@93..112
            FUNCTION_CALL_EXPR@93..111
              IDENT@93..96 "say"
              WHITESPACE@96..97 " "
              STRING@97..111 "\"Large: $item\""
            SEMICOLON@111..112 ";"
          NEWLINE@112..113 "\n"
          WHITESPACE@113..117 "    "
          R_BRACE@117..118 "}"
      NEWLINE@118..119 "\n"
      WHITESPACE@119..123 "    "
      WHEN_CLAUSE@123..178
        WHEN_KW@123..127 "when"
        WHITESPACE@127..128 " "
        L_PAREN@128..129 "("
        INFIX_EXPR@129..138
          SCALAR_VAR@129..135
            SCALAR_SIGIL@129..130 "$"
            IDENT@130..134 "item"
            WHITESPACE@134..135 " "
          LT@135..136 "<"
          WHITESPACE@136..137 " "
          NUMBER@137..138 "0"
        R_PAREN@138..139 ")"
        WHITESPACE@139..140 " "
        BLOCK_STMT@140..178
          L_BRACE@140..141 "{"
          NEWLINE@141..142 "\n"
          WHITESPACE@142..150 "        "
          STMT@150..172
            FUNCTION_CALL_EXPR@150..171
              IDENT@150..153 "say"
              WHITESPACE@153..154 " "
              STRING@154..171 "\"Negative: $item\""
            SEMICOLON@171..172 ";"
          NEWLINE@172..173 "\n"
          WHITESPACE@173..177 "    "
          R_BRACE@177..178 "}"
      NEWLINE@178..179 "\n"
      WHITESPACE@179..183 "    "
      DEFAULT_CLAUSE@183..227
        DEFAULT_KW@183..190 "default"
        WHITESPACE@190..191 " "
        BLOCK_STMT@191..227
          L_BRACE@191..192 "{"
          NEWLINE@192..193 "\n"
          WHITESPACE@193..201 "        "
          STMT@201..221
            FUNCTION_CALL_EXPR@201..220
              IDENT@201..204 "say"
              WHITESPACE@204..205 " "
              STRING@205..220 "\"Normal: $item\""
            SEMICOLON@220..221 ";"
          NEWLINE@221..222 "\n"
          WHITESPACE@222..226 "    "
          R_BRACE@226..227 "}"
      NEWLINE@227..228 "\n"
      R_BRACE@228..229 "}"
  NEWLINE@229..230 "\n"
  NEWLINE@230..231 "\n"
  COMMENT@231..275 "# For loop with impli ..."
  NEWLINE@275..276 "\n"
  FOR_STMT@276..450
    FOR_KW@276..279 "for"
    WHITESPACE@279..280 " "
    L_PAREN@280..281 "("
    ARRAY_VAR@281..288
      ARRAY_SIGIL@281..282 "@"
      IDENT@282..288 "values"
    R_PAREN@288..289 ")"
    WHITESPACE@289..290 " "
    BLOCK_STMT@290..450
      L_BRACE@290..291 "{"
      NEWLINE@291..292 "\n"
      WHITESPACE@292..296 "    "
      WHEN_CLAUSE@296..348
        WHEN_KW@296..300 "when"
        WHITESPACE@300..301 " "
        L_PAREN@301..302 "("
        REGEX_LITERAL@302..309 "/^test/"
        R_PAREN@309..310 ")"
        WHITESPACE@310..311 " "
        BLOCK_STMT@311..348
          L_BRACE@311..312 "{"
          NEWLINE@312..313 "\n"
          WHITESPACE@313..321 "        "
          STMT@321..342
            FUNCTION_CALL_EXPR@321..341
              IDENT@321..324 "say"
              WHITESPACE@324..325 " "
              STRING@325..341 "\"Test value: $_\""
            SEMICOLON@341..342 ";"
          NEWLINE@342..343 "\n"
          WHITESPACE@343..347 "    "
          R_BRACE@347..348 "}"
      NEWLINE@348..349 "\n"
      WHITESPACE@349..353 "    "
      WHEN_CLAUSE@353..403
        WHEN_KW@353..357 "when"
        WHITESPACE@357..358 " "
        L_PAREN@358..359 "("
        INFIX_EXPR@359..367
          SCALAR_VAR@359..362
            SCALAR_SIGIL@359..360 "$"
            IDENT@360..361 "_"
            WHITESPACE@361..362 " "
          EQ_EQ@362..364 "=="
          WHITESPACE@364..365 " "
          NUMBER@365..367 "42"
        R_PAREN@367..368 ")"
        WHITESPACE@368..369 " "
        BLOCK_STMT@369..403
          L_BRACE@369..370 "{"
          NEWLINE@370..371 "\n"
          WHITESPACE@371..379 "        "
          STMT@379..397
            FUNCTION_CALL_EXPR@379..396
              IDENT@379..382 "say"
              WHITESPACE@382..383 " "
              STRING@383..396 "\"The answer!\""
            SEMICOLON@396..397 ";"
          NEWLINE@397..398 "\n"
          WHITESPACE@398..402 "    "
          R_BRACE@402..403 "}"
      NEWLINE@403..404 "\n"
      WHITESPACE@404..408 "    "
      DEFAULT_CLAUSE@408..448
        DEFAULT_KW@408..415 "default"
        WHITESPACE@415..416 " "
        BLOCK_STMT@416..448
          L_BRACE@416..417 "{"
          NEWLINE@417..418 "\n"
          WHITESPACE@418..426 "        "
          STMT@426..442
            FUNCTION_CALL_EXPR@426..441
              IDENT@426..429 "say"
              WHITESPACE@429..430 " "
              STRING@430..441 "\"Other: $_\""
            SEMICOLON@441..442 ";"
          NEWLINE@442..443 "\n"
          WHITESPACE@443..447 "    "
          R_BRACE@447..448 "}"
      NEWLINE@448..449 "\n"
      R_BRACE@449..450 "}"
  NEWLINE@450..451 "\n"
  NEWLINE@451..452 "\n"
  COMMENT@452..483 "# C-style for with wh ..."
  NEWLINE@483..484 "\n"
  FOR_STMT@484..616
    FOR_KW@484..487 "for"
    WHITESPACE@487..488 " "
    L_PAREN@488..489 "("
    VAR_DECL@489..498
      MY_KW@489..491 "my"
      WHITESPACE@491..492 " "
      INFIX_EXPR@492..498
        SCALAR_VAR@492..495
          SCALAR_SIGIL@492..493 "$"
          IDENT@493..494 "i"
          WHITESPACE@494..495 " "
        EQ@495..496 "="
        WHITESPACE@496..497 " "
        NUMBER@497..498 "0"
    SEMICOLON@498..499 ";"
    WHITESPACE@499..500 " "
    INFIX_EXPR@500..507
      SCALAR_VAR@500..503
        SCALAR_SIGIL@500..501 "$"
        IDENT@501..502 "i"
        WHITESPACE@502..503 " "
      LT@503..504 "<"
      WHITESPACE@504..505 " "
      NUMBER@505..507 "10"
    SEMICOLON@507..508 ";"
    WHITESPACE@508..509 " "
    POSTFIX_EXPR@509..513
      SCALAR_VAR@509..511
        SCALAR_SIGIL@509..510 "$"
        IDENT@510..511 "i"
      POSTFIX_INCREMENT@511..513 "++"
    R_PAREN@513..514 ")"
    WHITESPACE@514..515 " "
    BLOCK_STMT@515..616
      L_BRACE@515..516 "{"
      NEWLINE@516..517 "\n"
      WHITESPACE@517..521 "    "
      WHEN_CLAUSE@521..571
        WHEN_KW@521..525 "when"
        WHITESPACE@525..526 " "
        L_PAREN@526..527 "("
        INFIX_EXPR@527..538
          INFIX_EXPR@527..534
            SCALAR_VAR@527..530
              SCALAR_SIGIL@527..528 "$"
              IDENT@528..529 "i"
              WHITESPACE@529..530 " "
            MODULO@530..531 "%"
            WHITESPACE@531..532 " "
            NUMBER@532..533 "2"
            WHITESPACE@533..534 " "
          EQ_EQ@534..536 "=="
          WHITESPACE@536..537 " "
          NUMBER@537..538 "0"
        R_PAREN@538..539 ")"
        WHITESPACE@539..540 " "
        BLOCK_STMT@540..571
          L_BRACE@540..541 "{"
          NEWLINE@541..542 "\n"
          WHITESPACE@542..550 "        "
          STMT@550..565
            FUNCTION_CALL_EXPR@550..564
              IDENT@550..553 "say"
              WHITESPACE@553..554 " "
              STRING@554..564 "\"Even: $i\""
            SEMICOLON@564..565 ";"
          NEWLINE@565..566 "\n"
          WHITESPACE@566..570 "    "
          R_BRACE@570..571 "}"
      NEWLINE@571..572 "\n"
      WHITESPACE@572..576 "    "
      DEFAULT_CLAUSE@576..614
        DEFAULT_KW@576..583 "default"
        WHITESPACE@583..584 " "
        BLOCK_STMT@584..614
          L_BRACE@584..585 "{"
          NEWLINE@585..586 "\n"
          WHITESPACE@586..594 "        "
          STMT@594..608
            FUNCTION_CALL_EXPR@594..607
              IDENT@594..597 "say"
              WHITESPACE@597..598 " "
              STRING@598..607 "\"Odd: $i\""
            SEMICOLON@607..608 ";"
          NEWLINE@608..609 "\n"
          WHITESPACE@609..613 "    "
          R_BRACE@613..614 "}"
      NEWLINE@614..615 "\n"
      R_BRACE@615..616 "}"
  NEWLINE@616..617 "\n"
