---
source: src/parser/statement/tests.rs
expression: render_errors(&errors)
---
  × Parse error: Invalid parameter name in signature
   ╭─[1:18]
 1 │ sub bad_number ($1) { }
   ·                  ┬
   ·                  ╰── here
 2 │ sub bad_digits ($123) { }
   ╰────
  × Parse error: Invalid parameter name in signature
   ╭─[2:18]
 1 │ sub bad_number ($1) { }
 2 │ sub bad_digits ($123) { }
   ·                  ─┬─
   ·                   ╰── here
 3 │ sub bad_negative ($-foo) { }
   ╰────
  × Parse error: Invalid character in subroutine prototype
   ╭─[3:20]
 2 │ sub bad_digits ($123) { }
 3 │ sub bad_negative ($-foo) { }
   ·                    ┬
   ·                    ╰── here
 4 │ sub bad_plus_equals ($value += 1) { }
   ╰────
  × Parse error: Expected R_PAREN, found Some(IDENT)
   ╭─[3:21]
 2 │ sub bad_digits ($123) { }
 3 │ sub bad_negative ($-foo) { }
   ·                     ─┬─
   ·                      ╰── here
 4 │ sub bad_plus_equals ($value += 1) { }
   ╰────
  × Parse error: Expected block or ';' after subroutine declaration
   ╭─[3:24]
 2 │ sub bad_digits ($123) { }
 3 │ sub bad_negative ($-foo) { }
   ·                        ┬
   ·                        ╰── here
 4 │ sub bad_plus_equals ($value += 1) { }
   ╰────
  × Parse error: Only '=', '//=', and '||=' defaults are supported in subroutine signatures
   ╭─[4:29]
 3 │ sub bad_negative ($-foo) { }
 4 │ sub bad_plus_equals ($value += 1) { }
   ·                             ┬
   ·                             ╰── here
 5 │ sub bad_low_precedence_or ($x = 1 or 2) { }
   ╰────
  × Parse error: Expected R_PAREN, found Some(OR_KW)
   ╭─[5:35]
 4 │ sub bad_plus_equals ($value += 1) { }
 5 │ sub bad_low_precedence_or ($x = 1 or 2) { }
   ·                                   ─┬
   ·                                    ╰── here
 6 │ sub bad_low_precedence_and ($x = 1 and 2) { }
   ╰────
  × Parse error: Expected block or ';' after subroutine declaration
   ╭─[5:38]
 4 │ sub bad_plus_equals ($value += 1) { }
 5 │ sub bad_low_precedence_or ($x = 1 or 2) { }
   ·                                      ┬
   ·                                      ╰── here
 6 │ sub bad_low_precedence_and ($x = 1 and 2) { }
   ╰────
  × Parse error: Expected a statement, but found an unexpected token.
   ╭─[5:39]
 4 │ sub bad_plus_equals ($value += 1) { }
 5 │ sub bad_low_precedence_or ($x = 1 or 2) { }
   ·                                       ┬
   ·                                       ╰── here
 6 │ sub bad_low_precedence_and ($x = 1 and 2) { }
   ╰────
  × Parse error: Expected R_PAREN, found Some(AND_KW)
   ╭─[6:36]
 5 │ sub bad_low_precedence_or ($x = 1 or 2) { }
 6 │ sub bad_low_precedence_and ($x = 1 and 2) { }
   ·                                    ─┬─
   ·                                     ╰── here
   ╰────
  × Parse error: Expected block or ';' after subroutine declaration
   ╭─[6:40]
 5 │ sub bad_low_precedence_or ($x = 1 or 2) { }
 6 │ sub bad_low_precedence_and ($x = 1 and 2) { }
   ·                                        ┬
   ·                                        ╰── here
   ╰────
  × Parse error: Expected a statement, but found an unexpected token.
   ╭─[6:41]
 5 │ sub bad_low_precedence_or ($x = 1 or 2) { }
 6 │ sub bad_low_precedence_and ($x = 1 and 2) { }
   ·                                         ┬
   ·                                         ╰── here
   ╰────
