---
source: src/parser/statement/tests.rs
expression: render_success_tree(&syntax)
---
ROOT@0..150
  GIVEN_STATEMENT@0..149
    GIVEN_KW@0..5 "given"
    WHITESPACE@5..6 " "
    L_PAREN@6..7 "("
    SCALAR_VAR@7..16
      SCALAR_SIGIL@7..8 "$"
      IDENT@8..16 "variable"
    R_PAREN@16..17 ")"
    WHITESPACE@17..18 " "
    BLOCK_STMT@18..149
      L_BRACE@18..19 "{"
      NEWLINE@19..20 "\n"
      WHITESPACE@20..24 "    "
      WHEN_CLAUSE@24..58
        WHEN_KW@24..28 "when"
        WHITESPACE@28..29 " "
        L_PAREN@29..30 "("
        STRING@30..35 "'foo'"
        R_PAREN@35..36 ")"
        WHITESPACE@36..37 " "
        BLOCK_STMT@37..58
          L_BRACE@37..38 "{"
          WHITESPACE@38..39 " "
          STMT@39..56
            FUNCTION_CALL_EXPR@39..55
              IDENT@39..42 "say"
              WHITESPACE@42..43 " "
              STRING@43..55 "'It was foo'"
            SEMICOLON@55..56 ";"
          WHITESPACE@56..57 " "
          R_BRACE@57..58 "}"
      NEWLINE@58..59 "\n"
      WHITESPACE@59..63 "    "
      WHEN_CLAUSE@63..97
        WHEN_KW@63..67 "when"
        WHITESPACE@67..68 " "
        L_PAREN@68..69 "("
        STRING@69..74 "'bar'"
        R_PAREN@74..75 ")"
        WHITESPACE@75..76 " "
        BLOCK_STMT@76..97
          L_BRACE@76..77 "{"
          WHITESPACE@77..78 " "
          STMT@78..95
            FUNCTION_CALL_EXPR@78..94
              IDENT@78..81 "say"
              WHITESPACE@81..82 " "
              STRING@82..94 "'It was bar'"
            SEMICOLON@94..95 ";"
          WHITESPACE@95..96 " "
          R_BRACE@96..97 "}"
      NEWLINE@97..98 "\n"
      WHITESPACE@98..102 "    "
      DEFAULT_CLAUSE@102..147
        DEFAULT_KW@102..109 "default"
        WHITESPACE@109..115 "      "
        BLOCK_STMT@115..147
          L_BRACE@115..116 "{"
          WHITESPACE@116..117 " "
          STMT@117..145
            FUNCTION_CALL_EXPR@117..144
              IDENT@117..120 "say"
              WHITESPACE@120..121 " "
              STRING@121..144 "'It was something else'"
            SEMICOLON@144..145 ";"
          WHITESPACE@145..146 " "
          R_BRACE@146..147 "}"
      NEWLINE@147..148 "\n"
      R_BRACE@148..149 "}"
  NEWLINE@149..150 "\n"
