---
source: src/parser/statement/tests.rs
assertion_line: 48
expression: render_success_tree(&syntax)
---
ROOT@0..147
  STMT@0..17
    INFIX_EXPR@0..8
      INFIX_EXPR@0..6
        SCALAR_VAR@0..3
          SCALAR_SIGIL@0..1 "$"
          IDENT@1..2 "x"
          WHITESPACE@2..3 " "
        EQ@3..4 "="
        WHITESPACE@4..5 " "
        NUMBER@5..6 "1"
      COMMA@6..7 ","
      WHITESPACE@7..8 " "
    IF_MODIFIER@8..16
      IF_KW@8..10 "if"
      WHITESPACE@10..11 " "
      SCALAR_VAR@11..16
        SCALAR_SIGIL@11..12 "$"
        IDENT@12..16 "cond"
    SEMICOLON@16..17 ";"
  NEWLINE@17..18 "\n"
  STMT@18..40
    INFIX_EXPR@18..30
      INFIX_EXPR@18..24
        SCALAR_VAR@18..21
          SCALAR_SIGIL@18..19 "$"
          IDENT@19..20 "x"
          WHITESPACE@20..21 " "
        EQ@21..22 "="
        WHITESPACE@22..23 " "
        NUMBER@23..24 "2"
      COMMA@24..25 ","
      NEWLINE@25..26 "\n"
      WHITESPACE@26..30 "    "
    IF_MODIFIER@30..39
      IF_KW@30..32 "if"
      WHITESPACE@32..33 " "
      SCALAR_VAR@33..39
        SCALAR_SIGIL@33..34 "$"
        IDENT@34..39 "other"
    SEMICOLON@39..40 ";"
  NEWLINE@40..41 "\n"
  STMT@41..62
    INFIX_EXPR@41..49
      INFIX_EXPR@41..47
        SCALAR_VAR@41..44
          SCALAR_SIGIL@41..42 "$"
          IDENT@42..43 "x"
          WHITESPACE@43..44 " "
        EQ@44..45 "="
        WHITESPACE@45..46 " "
        NUMBER@46..47 "3"
      COMMA@47..48 ","
      WHITESPACE@48..49 " "
    UNLESS_MODIFIER@49..61
      UNLESS_KW@49..55 "unless"
      WHITESPACE@55..56 " "
      SCALAR_VAR@56..61
        SCALAR_SIGIL@56..57 "$"
        IDENT@57..61 "cond"
    SEMICOLON@61..62 ";"
  NEWLINE@62..63 "\n"
  STMT@63..83
    INFIX_EXPR@63..71
      INFIX_EXPR@63..69
        SCALAR_VAR@63..66
          SCALAR_SIGIL@63..64 "$"
          IDENT@64..65 "x"
          WHITESPACE@65..66 " "
        EQ@66..67 "="
        WHITESPACE@67..68 " "
        NUMBER@68..69 "4"
      COMMA@69..70 ","
      WHITESPACE@70..71 " "
    WHILE_MODIFIER@71..82
      WHILE_KW@71..76 "while"
      WHITESPACE@76..77 " "
      SCALAR_VAR@77..82
        SCALAR_SIGIL@77..78 "$"
        IDENT@78..82 "cond"
    SEMICOLON@82..83 ";"
  NEWLINE@83..84 "\n"
  STMT@84..104
    INFIX_EXPR@84..92
      INFIX_EXPR@84..90
        SCALAR_VAR@84..87
          SCALAR_SIGIL@84..85 "$"
          IDENT@85..86 "x"
          WHITESPACE@86..87 " "
        EQ@87..88 "="
        WHITESPACE@88..89 " "
        NUMBER@89..90 "5"
      COMMA@90..91 ","
      WHITESPACE@91..92 " "
    UNTIL_MODIFIER@92..103
      UNTIL_KW@92..97 "until"
      WHITESPACE@97..98 " "
      SCALAR_VAR@98..103
        SCALAR_SIGIL@98..99 "$"
        IDENT@99..103 "cond"
    SEMICOLON@103..104 ";"
  NEWLINE@104..105 "\n"
  STMT@105..123
    INFIX_EXPR@105..113
      INFIX_EXPR@105..111
        SCALAR_VAR@105..108
          SCALAR_SIGIL@105..106 "$"
          IDENT@106..107 "x"
          WHITESPACE@107..108 " "
        EQ@108..109 "="
        WHITESPACE@109..110 " "
        NUMBER@110..111 "6"
      COMMA@111..112 ","
      WHITESPACE@112..113 " "
    FOR_MODIFIER@113..122
      FOR_KW@113..116 "for"
      WHITESPACE@116..117 " "
      ARRAY_VAR@117..122
        ARRAY_SIGIL@117..118 "@"
        IDENT@118..122 "list"
    SEMICOLON@122..123 ";"
  NEWLINE@123..124 "\n"
  STMT@124..146
    INFIX_EXPR@124..132
      INFIX_EXPR@124..130
        SCALAR_VAR@124..127
          SCALAR_SIGIL@124..125 "$"
          IDENT@125..126 "x"
          WHITESPACE@126..127 " "
        EQ@127..128 "="
        WHITESPACE@128..129 " "
        NUMBER@129..130 "7"
      COMMA@130..131 ","
      WHITESPACE@131..132 " "
    FOR_MODIFIER@132..145
      FOREACH_KW@132..139 "foreach"
      WHITESPACE@139..140 " "
      ARRAY_VAR@140..145
        ARRAY_SIGIL@140..141 "@"
        IDENT@141..145 "list"
    SEMICOLON@145..146 ";"
  NEWLINE@146..147 "\n"
