---
source: src/parser/statement/tests.rs
expression: render_success_tree(&syntax)
---
ROOT@0..87
  STMT@0..27
    VAR_DECL@0..26
      MY_KW@0..2 "my"
      WHITESPACE@2..3 " "
      INFIX_EXPR@3..26
        PAREN_EXPR@3..16
          L_PAREN@3..4 "("
          EXPR_LIST@4..14
            SCALAR_VAR@4..6
              SCALAR_SIGIL@4..5 "$"
              IDENT@5..6 "x"
            COMMA@6..7 ","
            WHITESPACE@7..8 " "
            ARRAY_VAR@8..10
              ARRAY_SIGIL@8..9 "@"
              IDENT@9..10 "y"
            COMMA@10..11 ","
            WHITESPACE@11..12 " "
            HASH_VAR@12..14
              HASH_SIGIL@12..13 "%"
              IDENT@13..14 "z"
          R_PAREN@14..15 ")"
          WHITESPACE@15..16 " "
        ATTR@16..23
          COLON@16..17 ":"
          WHITESPACE@17..18 " "
          IDENT@18..22 "Bent"
          WHITESPACE@22..23 " "
        EQ@23..24 "="
        WHITESPACE@24..25 " "
        NUMBER@25..26 "1"
    SEMICOLON@26..27 ";"
  NEWLINE@27..28 "\n"
  STMT@28..58
    VAR_DECL@28..57
      OUR_KW@28..31 "our"
      WHITESPACE@31..32 " "
      SCALAR_VAR@32..39
        SCALAR_SIGIL@32..33 "$"
        IDENT@33..38 "value"
        WHITESPACE@38..39 " "
      ATTR@39..47
        COLON@39..40 ":"
        IDENT@40..46 "shared"
        WHITESPACE@46..47 " "
      ATTR@47..57
        COLON@47..48 ":"
        IDENT@48..51 "Foo"
        ATTR_ARGS@51..57
          L_PAREN@51..52 "("
          RAW_STRING@52..56 "1, 2"
          R_PAREN@56..57 ")"
    SEMICOLON@57..58 ";"
  NEWLINE@58..59 "\n"
  STMT@59..86
    VAR_DECL@59..85
      STATE_KW@59..64 "state"
      WHITESPACE@64..65 " "
      INFIX_EXPR@65..85
        SCALAR_VAR@65..73
          SCALAR_SIGIL@65..66 "$"
          IDENT@66..72 "scalar"
          WHITESPACE@72..73 " "
        ATTR@73..81
          COLON@73..74 ":"
          IDENT@74..80 "lvalue"
          WHITESPACE@80..81 " "
        COMPOUND_ASSIGNMENT@81..83
          PLUS@81..82 "+"
          EQ@82..83 "="
        WHITESPACE@83..84 " "
        NUMBER@84..85 "2"
    SEMICOLON@85..86 ";"
  NEWLINE@86..87 "\n"
