---
source: src/parser/statement.rs
expression: render_success_tree(&syntax)
---
ROOT@0..34
  STMT@0..6
    FUNCTION_CALL_EXPR@0..5
      IDENT@0..3 "foo"
      L_PAREN@3..4 "("
      R_PAREN@4..5 ")"
    SEMICOLON@5..6 ";"
  NEWLINE@6..7 "\n"
  STMT@7..13
    FUNCTION_CALL_EXPR@7..12
      IDENT@7..10 "bar"
      L_PAREN@10..11 "("
      R_PAREN@11..12 ")"
    SEMICOLON@12..13 ";"
  NEWLINE@13..14 "\n"
  STMT@14..23
    FUNCTION_CALL_EXPR@14..22
      IDENT@14..19 "print"
      L_PAREN@19..20 "("
      NUMBER@20..21 "1"
      R_PAREN@21..22 ")"
    SEMICOLON@22..23 ";"
  NEWLINE@23..24 "\n"
  STMT@24..33
    FUNCTION_CALL_EXPR@24..32
      IDENT@24..29 "print"
      L_PAREN@29..30 "("
      NUMBER@30..31 "2"
      R_PAREN@31..32 ")"
    SEMICOLON@32..33 ";"
  NEWLINE@33..34 "\n"
