---
source: src/parser/statement.rs
expression: render_success_tree(&syntax)
---
ROOT@0..79
  UNLESS_STMT@0..78
    UNLESS_KW@0..6 "unless"
    WHITESPACE@6..7 " "
    L_PAREN@7..8 "("
    SCALAR_VAR@8..18
      SCALAR_SIGIL@8..9 "$"
      IDENT@9..18 "condition"
    R_PAREN@18..19 ")"
    WHITESPACE@19..20 " "
    BLOCK_STMT@20..32
      L_BRACE@20..21 "{"
      WHITESPACE@21..22 " "
      STMT@22..30
        FUNCTION_CALL_EXPR@22..29
          IDENT@22..27 "print"
          WHITESPACE@27..28 " "
          NUMBER@28..29 "1"
        SEMICOLON@29..30 ";"
      WHITESPACE@30..31 " "
      R_BRACE@31..32 "}"
    NEWLINE@32..33 "\n"
    ELSIF_KW@33..38 "elsif"
    WHITESPACE@38..39 " "
    L_PAREN@39..40 "("
    SCALAR_VAR@40..46
      SCALAR_SIGIL@40..41 "$"
      IDENT@41..46 "other"
    R_PAREN@46..47 ")"
    WHITESPACE@47..48 " "
    BLOCK_STMT@48..60
      L_BRACE@48..49 "{"
      WHITESPACE@49..50 " "
      STMT@50..58
        FUNCTION_CALL_EXPR@50..57
          IDENT@50..55 "print"
          WHITESPACE@55..56 " "
          NUMBER@56..57 "2"
        SEMICOLON@57..58 ";"
      WHITESPACE@58..59 " "
      R_BRACE@59..60 "}"
    NEWLINE@60..61 "\n"
    ELSE_KW@61..65 "else"
    WHITESPACE@65..66 " "
    BLOCK_STMT@66..78
      L_BRACE@66..67 "{"
      WHITESPACE@67..68 " "
      STMT@68..76
        FUNCTION_CALL_EXPR@68..75
          IDENT@68..73 "print"
          WHITESPACE@73..74 " "
          NUMBER@74..75 "3"
        SEMICOLON@75..76 ";"
      WHITESPACE@76..77 " "
      R_BRACE@77..78 "}"
  NEWLINE@78..79 "\n"
