---
source: src/fmt/tests.rs
expression: format(&source)
---
# IO operator vs comparison disambiguation tests

# `decode` and `process` are declared, because that is the reading these cases
# mean: a declared list operator takes `<$fh>` as a readline argument. `f` is
# deliberately left undeclared, because `f < $x > 1` is a comparison only for a
# bareword perl has not seen. camello has no symbol table and decides both from
# whether a complete readline token lexes there (ADR 0007 §6).
sub decode;

sub process;

# Case 1: IO operator as function argument (issue #203)
decode <$fh>;

# Case 2: Valid chained comparison
$result = f < $x > 1;

# Case 3: Simple IO operator
$line = <STDIN>;

# Case 4: Empty IO operator (null filehandle)
$line = <>;

# Case 5: IO operator with variable filehandle
$data = <$handle>;

# Case 6: Multiple IO operators in sequence
while (<$fh>) {
    process <STDERR>;
}

# Case 7: IO operator in function call with multiple arguments
process <$in>, $output;

# Case 8: Comparison that should NOT be treated as IO
if ($a < $b && $c > $d) {
    print "ok\n";
}

# Case 9: Chained comparison with multiple operators
$test = $a < $b > 0;

# Case 10: IO operator in print-like statement
print <DATA>;
