---
source: src/fmt/tests.rs
expression: format(&source)
---
# A quote-like run is one lexical unit, and its zero-width parts start where the
# next part starts. Keying trivia on a start offset alone gave the empty
# replacement list of `s/a//` and the delimiter after it the same owner, and the
# comment came out twice — once of them inside the replacement, turning "delete
# a" into "replace a with ' # c'".

my $x = "aa";

$x =~ s/a// # trailing the substitution
    || 1;

$x =~ s/a//;  # an ordinary trailing comment
$x =~ s{a}{}; # a braced one with an empty replacement
$x =~ m//;    # an empty pattern
my @empty   = qw(); # an empty word list
my $nothing = q();  # an empty literal

# The comment before a quote-like run still belongs to the run.
# leading the substitution
$x =~ s/b//;
