---
source: src/fmt/tests.rs
expression: format(&source)
---
$i++;
$i--;
$count++;
$index--;

$arr[0]++;
$arr[$i]--;

$h->{k}++;
$h->{key}--;
$hash->{count}++;

($x)++;
($h{count})--;

$obj->value++;
$obj->count--;

$ref->[0]++;
$data->{items}->[0]--;

for (my $i = 0; $i < 10; $i++) { }
while ($n--) { }

my $post_inc = $x++;
my $post_dec = $y--;
