---
source: src/fmt/tests.rs
expression: format(&source)
---
# Three `=>` that already share one column. The output gives the first two
# columns that differ from each other and from the third, so the result is not
# aligned at all — and it is stable, so a second pass leaves it that way.
use Test2::V0;

sub t {
    my $self = shift;
    is $self->{foo}, object {
        call short_name                                         => 'value';
        call medium_name_here                                         => 'value';
        call very_long_predicate_name_that_is_quite_wide_indeed_maybe => T;
    };
}
